// Jest Snapshot v1, https://goo.gl/fbAQLP

exports[`Navbar component renders main navbar 1`] = `
<div>
  <div
    class=" bg-white text-gray-900 mx-auto w-full min-h-16 px-2 sm:px-4 lg:px-8 flex justify-between items-stretch shadow flex-grow flex-wrap z-10 "
  >
    <h1
      class="inline-flex items-center text-xl font-medium"
    >
      <a
        href="/"
      >
        Fashionista
      </a>
    </h1>
    <nav
      class="w-1/3"
    >
      <ul
        class="flex h-16 justify-around items-stretchjustify-self-end text-gray-700"
      >
        <li
          class="inline-flex items-center border-b-2 border-indigo-600 hover:border-indigo-700 px-1 pt-1 font-medium text-gray-500 hover:border-gray-300 hover:text-gray-700"
        >
          <a
            href="/"
          >
            Home
          </a>
        </li>
        <li
          class="inline-flex items-center border-b-2 border-transparent hover:border-gray-300 px-1 pt-1 font-medium text-gray-500 hover:border-gray-300 hover:text-gray-700"
        >
          <a
            href="/shop"
          >
            Shop
          </a>
        </li>
        <li
          class="inline-flex relative items-center border-b-2 border-transparent px-1 pt-1 font-medium text-gray-500 hover:border-gray-300 hover:text-gray-700"
        >
          <a
            href="/"
          >
            <svg
              aria-hidden="true"
              class="h-6 w-6"
              fill="none"
              stroke="currentColor"
              stroke-width="1.5"
              viewBox="0 0 24 24"
              xmlns="http://www.w3.org/2000/svg"
            >
              <path
                d="M15.75 10.5V6a3.75 3.75 0 10-7.5 0v4.5m11.356-1.993l1.263 12c.07.665-.45 1.243-1.119 1.243H4.25a1.125 1.125 0 01-1.12-1.243l1.264-12A1.125 1.125 0 015.513 7.5h12.974c.576 0 1.059.435 1.119 1.007zM8.625 10.5a.375.375 0 11-.75 0 .375.375 0 01.75 0zm7.5 0a.375.375 0 11-.75 0 .375.375 0 01.75 0z"
                stroke-linecap="round"
                stroke-linejoin="round"
              />
            </svg>
          </a>
        </li>
      </ul>
    </nav>
  </div>
</div>
`;
